// Jest Snapshot v1, https://goo.gl/fbAQLP

exports[`Alert Message renders correctly 1`] = `ShallowWrapper {}`;
