// Jest Snapshot v1, https://goo.gl/fbAQLP

exports[`Login Container renders correctly 1`] = `ShallowWrapper {}`;
