// Jest Snapshot v1, https://goo.gl/fbAQLP

exports[`Products renders correctly 1`] = `ShallowWrapper {}`;
